// Jest Snapshot v1, https://goo.gl/fbAQLP

exports[`PDFViewer Component matches the snapshot with test.pdf 1`] = `
<DocumentFragment>
  <div
    class="MuiBox-root css-1g4yje1"
    data-testid="pdf-viewer-window"
  />
</DocumentFragment>
`;
